To honour the JVM settings for this build a single-use Daemon process will be forked. For more on this, please refer to https://docs.gradle.org/9.4.1/userguide/gradle_daemon.html#sec:disabling_the_daemon in the Gradle documentation.
Daemon will be stopped at the end of the build 

> Configure project :ai
WARNING: The option setting 'android.overridePathCheck=true' is experimental.
The current default is 'false'.
WARNING: The option setting 'android.enableJetifier=true' is deprecated.
The current default is 'false'.
It will be removed in version 10.0 of the Android Gradle plugin.
This version only understands SDK XML versions up to 3 but an SDK XML file of version 4 was encountered. This can happen if you use versions of Android Studio and the command-line tools that were released at different times.
Build properties not found for package Android SDK Platform 36.1
[=========                              ] 25%                                   

> Task :workspace:preBuild UP-TO-DATE
> Task :highlight:preBuild UP-TO-DATE
> Task :ai:preBuild UP-TO-DATE
> Task :common:preBuild UP-TO-DATE
> Task :speech:preBuild UP-TO-DATE
> Task :search:preBuild UP-TO-DATE
> Task :app:preBuild UP-TO-DATE
> Task :document:preBuild UP-TO-DATE
> Task :common:preDebugBuild UP-TO-DATE
> Task :highlight:preDebugBuild UP-TO-DATE
> Task :app:preDebugBuild UP-TO-DATE
> Task :ai:preDebugBuild UP-TO-DATE
> Task :search:preDebugBuild UP-TO-DATE
> Task :speech:preDebugBuild UP-TO-DATE
> Task :workspace:preDebugBuild UP-TO-DATE
> Task :document:preDebugBuild UP-TO-DATE
> Task :app:mergeDebugNativeDebugMetadata NO-SOURCE
> Task :app:generateDebugBuildConfig UP-TO-DATE
> Task :search:extractDebugSupportedLocales UP-TO-DATE
> Task :ai:mergeDebugJniLibFolders UP-TO-DATE
> Task :highlight:extractDebugSupportedLocales UP-TO-DATE
> Task :document:extractDebugSupportedLocales UP-TO-DATE
> Task :common:writeDebugAarMetadata UP-TO-DATE
> Task :workspace:extractDebugSupportedLocales UP-TO-DATE
> Task :speech:extractDebugSupportedLocales UP-TO-DATE
> Task :document:processDebugNavigationResources UP-TO-DATE
> Task :search:processDebugNavigationResources UP-TO-DATE
> Task :workspace:processDebugNavigationResources UP-TO-DATE
> Task :speech:processDebugNavigationResources UP-TO-DATE
> Task :app:injectCrashlyticsMappingFileIdDebug UP-TO-DATE
> Task :highlight:processDebugNavigationResources UP-TO-DATE
> Task :common:generateDebugResources UP-TO-DATE
> Task :app:injectCrashlyticsVersionControlInfoDebug UP-TO-DATE
> Task :workspace:generateDebugResources UP-TO-DATE
> Task :highlight:generateDebugResources UP-TO-DATE
> Task :document:generateDebugResources UP-TO-DATE
> Task :search:generateDebugResources UP-TO-DATE
> Task :workspace:packageDebugResources UP-TO-DATE
> Task :common:packageDebugResources UP-TO-DATE
> Task :highlight:packageDebugResources UP-TO-DATE
> Task :app:processDebugGoogleServices UP-TO-DATE
> Task :common:processDebugNavigationResources UP-TO-DATE
> Task :document:packageDebugResources UP-TO-DATE
> Task :highlight:parseDebugLocalResources UP-TO-DATE
> Task :workspace:parseDebugLocalResources UP-TO-DATE
> Task :common:parseDebugLocalResources UP-TO-DATE
> Task :search:packageDebugResources UP-TO-DATE
> Task :common:generateDebugRFile UP-TO-DATE
> Task :highlight:generateDebugRFile UP-TO-DATE
> Task :search:parseDebugLocalResources UP-TO-DATE
> Task :app:extractDebugSupportedLocales UP-TO-DATE
> Task :search:generateDebugRFile UP-TO-DATE
> Task :app:mapDebugSourceSetPaths UP-TO-DATE
> Task :workspace:generateDebugRFile UP-TO-DATE
> Task :search:javaPreCompileDebug UP-TO-DATE
> Task :search:generateDebugAssets UP-TO-DATE
> Task :document:parseDebugLocalResources UP-TO-DATE
> Task :app:generateDebugResources UP-TO-DATE
> Task :search:mergeDebugAssets UP-TO-DATE
> Task :search:writeDebugAarMetadata UP-TO-DATE
> Task :search:extractDeepLinksDebug UP-TO-DATE
> Task :document:generateDebugRFile UP-TO-DATE
> Task :speech:generateDebugResources UP-TO-DATE
> Task :web:buildWebUi UP-TO-DATE
> Task :web:preBuild UP-TO-DATE
> Task :web:preDebugBuild UP-TO-DATE
> Task :web:extractDebugSupportedLocales UP-TO-DATE
> Task :speech:packageDebugResources UP-TO-DATE
> Task :web:processDebugNavigationResources UP-TO-DATE
> Task :search:processDebugManifest UP-TO-DATE
> Task :web:generateDebugResources UP-TO-DATE
> Task :search:mapDebugSourceSetPaths UP-TO-DATE
> Task :search:compileDebugLibraryResources UP-TO-DATE
> Task :search:mergeDebugJniLibFolders UP-TO-DATE
> Task :speech:parseDebugLocalResources UP-TO-DATE
> Task :search:mergeDebugNativeLibs NO-SOURCE
> Task :search:copyDebugJniLibsProjectOnly UP-TO-DATE
> Task :web:packageDebugResources UP-TO-DATE
> Task :speech:generateDebugRFile UP-TO-DATE
> Task :search:stripDebugDebugSymbols NO-SOURCE
> Task :search:copyDebugJniLibsProjectAndLocalJars UP-TO-DATE
> Task :speech:javaPreCompileDebug UP-TO-DATE
> Task :speech:generateDebugAssets UP-TO-DATE
> Task :search:extractDeepLinksForAarDebug UP-TO-DATE
> Task :speech:mergeDebugAssets UP-TO-DATE
> Task :search:prepareDebugArtProfile UP-TO-DATE
> Task :speech:writeDebugAarMetadata UP-TO-DATE
> Task :search:prepareLintJarForPublish UP-TO-DATE
> Task :web:parseDebugLocalResources UP-TO-DATE
> Task :speech:extractDeepLinksDebug UP-TO-DATE
> Task :web:generateDebugRFile UP-TO-DATE
> Task :speech:processDebugManifest UP-TO-DATE
> Task :speech:mapDebugSourceSetPaths UP-TO-DATE
> Task :speech:compileDebugLibraryResources UP-TO-DATE
> Task :speech:mergeDebugJniLibFolders UP-TO-DATE
> Task :speech:mergeDebugNativeLibs NO-SOURCE
> Task :speech:copyDebugJniLibsProjectOnly UP-TO-DATE
> Task :app:javaPreCompileDebug UP-TO-DATE
> Task :app:generateDebugAssets UP-TO-DATE
> Task :highlight:compileDebugKotlin UP-TO-DATE
> Task :workspace:compileDebugKotlin UP-TO-DATE
> Task :highlight:javaPreCompileDebug UP-TO-DATE
> Task :workspace:javaPreCompileDebug UP-TO-DATE
> Task :highlight:compileDebugJavaWithJavac NO-SOURCE
> Task :workspace:compileDebugJavaWithJavac NO-SOURCE
> Task :ai:checkDebugAarMetadata UP-TO-DATE
> Task :highlight:bundleLibCompileToJarDebug UP-TO-DATE
> Task :highlight:generateDebugAssets UP-TO-DATE
> Task :workspace:bundleLibCompileToJarDebug UP-TO-DATE
> Task :workspace:generateDebugAssets UP-TO-DATE
> Task :highlight:mergeDebugAssets UP-TO-DATE
> Task :common:compileDebugKotlin UP-TO-DATE
> Task :speech:checkDebugAarMetadata UP-TO-DATE
> Task :ai:mergeDebugNativeLibs NO-SOURCE
> Task :workspace:mergeDebugAssets UP-TO-DATE
> Task :highlight:bundleLibRuntimeToJarDebug UP-TO-DATE
> Task :speech:stripDebugDebugSymbols NO-SOURCE
> Task :workspace:bundleLibRuntimeToJarDebug UP-TO-DATE
> Task :common:javaPreCompileDebug UP-TO-DATE
> Task :ai:stripDebugDebugSymbols NO-SOURCE
> Task :common:compileDebugJavaWithJavac NO-SOURCE
> Task :highlight:writeDebugAarMetadata UP-TO-DATE
> Task :speech:copyDebugJniLibsProjectAndLocalJars UP-TO-DATE
> Task :ai:copyDebugJniLibsProjectAndLocalJars UP-TO-DATE
> Task :common:bundleLibCompileToJarDebug UP-TO-DATE
> Task :speech:extractDeepLinksForAarDebug UP-TO-DATE
> Task :workspace:writeDebugAarMetadata UP-TO-DATE
> Task :highlight:extractDeepLinksDebug UP-TO-DATE
> Task :common:extractDebugSupportedLocales UP-TO-DATE
> Task :common:generateDebugAssets UP-TO-DATE
> Task :ai:generateDebugResources UP-TO-DATE
> Task :workspace:extractDeepLinksDebug UP-TO-DATE
> Task :common:mergeDebugAssets UP-TO-DATE
> Task :common:bundleLibRuntimeToJarDebug UP-TO-DATE
> Task :common:extractDeepLinksDebug UP-TO-DATE
> Task :document:compileDebugKotlin UP-TO-DATE
> Task :ai:packageDebugResources UP-TO-DATE
> Task :highlight:processDebugManifest UP-TO-DATE
> Task :workspace:processDebugManifest UP-TO-DATE
> Task :document:javaPreCompileDebug UP-TO-DATE
> Task :highlight:mapDebugSourceSetPaths UP-TO-DATE
> Task :ai:processDebugNavigationResources UP-TO-DATE
> Task :workspace:mapDebugSourceSetPaths UP-TO-DATE
> Task :workspace:compileDebugLibraryResources UP-TO-DATE
> Task :common:processDebugManifest UP-TO-DATE
> Task :highlight:compileDebugLibraryResources UP-TO-DATE
> Task :ai:parseDebugLocalResources UP-TO-DATE
> Task :common:mapDebugSourceSetPaths UP-TO-DATE
> Task :workspace:processDebugJavaRes UP-TO-DATE
> Task :highlight:processDebugJavaRes UP-TO-DATE
> Task :common:compileDebugLibraryResources UP-TO-DATE
> Task :common:processDebugJavaRes UP-TO-DATE
> Task :ai:generateDebugRFile UP-TO-DATE
> Task :workspace:bundleLibRuntimeToDirDebug UP-TO-DATE
> Task :highlight:bundleLibRuntimeToDirDebug UP-TO-DATE
> Task :highlight:mergeDebugJniLibFolders UP-TO-DATE
> Task :common:bundleLibRuntimeToDirDebug UP-TO-DATE
> Task :web:compileDebugKotlin UP-TO-DATE
> Task :highlight:mergeDebugNativeLibs NO-SOURCE
> Task :common:mergeDebugJniLibFolders UP-TO-DATE
> Task :highlight:copyDebugJniLibsProjectOnly UP-TO-DATE
> Task :common:mergeDebugNativeLibs NO-SOURCE
> Task :common:copyDebugJniLibsProjectOnly UP-TO-DATE
> Task :web:javaPreCompileDebug FROM-CACHE
> Task :web:compileDebugJavaWithJavac NO-SOURCE
> Task :web:generateDebugAssets UP-TO-DATE
> Task :common:checkDebugAarMetadata UP-TO-DATE
> Task :common:stripDebugDebugSymbols NO-SOURCE
> Task :common:copyDebugJniLibsProjectAndLocalJars UP-TO-DATE
> Task :highlight:checkDebugAarMetadata UP-TO-DATE
> Task :highlight:stripDebugDebugSymbols NO-SOURCE
> Task :common:extractDebugAnnotations UP-TO-DATE
> Task :ai:extractDebugAnnotations UP-TO-DATE
> Task :ai:extractDeepLinksForAarDebug UP-TO-DATE
> Task :ai:generateDebugAssets UP-TO-DATE
> Task :common:extractDeepLinksForAarDebug FROM-CACHE
> Task :ai:mergeDebugAssets UP-TO-DATE
> Task :common:mergeDebugGeneratedProguardFiles
> Task :highlight:copyDebugJniLibsProjectAndLocalJars UP-TO-DATE
> Task :web:mergeDebugAssets
> Task :common:mergeDebugConsumerProguardFiles
> Task :workspace:configureCMakeDebug[arm64-v8a]
> Task :common:prepareDebugArtProfile
> Task :common:prepareLintJarForPublish
> Task :web:writeDebugAarMetadata
> Task :highlight:extractDebugAnnotations UP-TO-DATE
> Task :web:bundleLibRuntimeToJarDebug
> Task :web:bundleLibCompileToJarDebug
> Task :document:compileDebugJavaWithJavac FROM-CACHE
> Task :highlight:extractDeepLinksForAarDebug FROM-CACHE
> Task :web:extractDeepLinksDebug FROM-CACHE
> Task :document:generateDebugAssets UP-TO-DATE
> Task :highlight:mergeDebugGeneratedProguardFiles
> Task :highlight:mergeDebugConsumerProguardFiles
> Task :document:mergeDebugAssets
> Task :web:processDebugManifest FROM-CACHE
> Task :highlight:prepareDebugArtProfile
> Task :highlight:prepareLintJarForPublish
> Task :document:writeDebugAarMetadata
> Task :document:extractDeepLinksDebug FROM-CACHE
> Task :web:mapDebugSourceSetPaths
> Task :document:processDebugManifest FROM-CACHE
> Task :web:compileDebugLibraryResources FROM-CACHE
> Task :document:mapDebugSourceSetPaths
> Task :speech:compileDebugKotlin UP-TO-DATE
> Task :speech:compileDebugJavaWithJavac NO-SOURCE
> Task :speech:bundleLibCompileToJarDebug UP-TO-DATE
> Task :document:compileDebugLibraryResources FROM-CACHE
> Task :speech:bundleLibRuntimeToJarDebug UP-TO-DATE
> Task :document:processDebugJavaRes
> Task :speech:processDebugJavaRes
> Task :document:bundleLibRuntimeToJarDebug
> Task :document:bundleLibCompileToJarDebug
> Task :highlight:mergeDebugJavaResource
> Task :highlight:syncDebugLibJars FROM-CACHE
> Task :workspace:buildCMakeDebug[arm64-v8a]
> Task :common:mergeDebugJavaResource
> Task :speech:extractDebugAnnotations FROM-CACHE
> Task :speech:mergeDebugGeneratedProguardFiles
> Task :common:syncDebugLibJars FROM-CACHE
> Task :speech:mergeDebugConsumerProguardFiles
> Task :speech:prepareDebugArtProfile UP-TO-DATE
> Task :speech:prepareLintJarForPublish UP-TO-DATE
> Task :common:bundleDebugAar
> Task :highlight:bundleDebugAar
> Task :workspace:configureCMakeDebug[armeabi-v7a]
> Task :common:assembleDebug
> Task :speech:mergeDebugJavaResource
> Task :highlight:assembleDebug
> Task :speech:syncDebugLibJars FROM-CACHE
> Task :document:mergeDebugJniLibFolders
> Task :speech:bundleDebugAar
> Task :speech:assembleDebug
> Task :document:checkDebugAarMetadata
> Task :document:extractDebugAnnotations FROM-CACHE
> Task :document:extractDeepLinksForAarDebug FROM-CACHE
> Task :document:mergeDebugGeneratedProguardFiles
> Task :document:mergeDebugConsumerProguardFiles
> Task :document:prepareDebugArtProfile
> Task :document:prepareLintJarForPublish
> Task :document:mergeDebugJavaResource
> Task :document:mergeDebugNativeLibs
> Task :document:syncDebugLibJars FROM-CACHE
> Task :workspace:buildCMakeDebug[armeabi-v7a]
> Task :workspace:configureCMakeDebug[x86]
> Task :ai:compileDebugKotlin FROM-CACHE
> Task :ai:javaPreCompileDebug UP-TO-DATE
> Task :ai:compileDebugJavaWithJavac NO-SOURCE
> Task :document:copyDebugJniLibsProjectOnly
> Task :ai:mergeDebugGeneratedProguardFiles
> Task :ai:mergeDebugConsumerProguardFiles
> Task :ai:prepareDebugArtProfile UP-TO-DATE
> Task :ai:prepareLintJarForPublish UP-TO-DATE
> Task :ai:processDebugManifest UP-TO-DATE
> Task :ai:processDebugJavaRes
> Task :ai:writeDebugAarMetadata UP-TO-DATE
> Task :ai:mergeDebugJavaResource
> Task :ai:extractDebugSupportedLocales UP-TO-DATE
> Task :ai:syncDebugLibJars FROM-CACHE
> Task :search:checkDebugAarMetadata UP-TO-DATE
> Task :ai:bundleDebugAar
> Task :ai:assembleDebug
> Task :ai:mapDebugSourceSetPaths UP-TO-DATE
> Task :ai:compileDebugLibraryResources UP-TO-DATE
> Task :ai:extractDeepLinksDebug UP-TO-DATE
> Task :document:bundleLibRuntimeToDirDebug
> Task :ai:bundleLibRuntimeToJarDebug
> Task :ai:bundleLibCompileToJarDebug
> Task :workspace:buildCMakeDebug[x86]
> Task :document:stripDebugDebugSymbols
> Task :workspace:configureCMakeDebug[x86_64]
> Task :ai:copyDebugJniLibsProjectOnly UP-TO-DATE
> Task :document:copyDebugJniLibsProjectAndLocalJars
> Task :web:processDebugJavaRes
> Task :web:mergeDebugJniLibFolders
> Task :web:mergeDebugNativeLibs NO-SOURCE
> Task :web:copyDebugJniLibsProjectOnly
> Task :web:bundleLibRuntimeToDirDebug
> Task :web:stripDebugDebugSymbols NO-SOURCE
> Task :web:checkDebugAarMetadata
> Task :web:copyDebugJniLibsProjectAndLocalJars
> Task :web:extractDebugAnnotations FROM-CACHE
> Task :web:extractDeepLinksForAarDebug FROM-CACHE
> Task :web:mergeDebugGeneratedProguardFiles
> Task :web:mergeDebugConsumerProguardFiles
> Task :web:prepareDebugArtProfile
> Task :speech:bundleLibRuntimeToDirDebug
> Task :web:prepareLintJarForPublish
> Task :workspace:buildCMakeDebug[x86_64]
> Task :workspace:mergeDebugJniLibFolders UP-TO-DATE
> Task :workspace:mergeDebugNativeLibs UP-TO-DATE
> Task :workspace:checkDebugAarMetadata UP-TO-DATE
> Task :workspace:extractDebugAnnotations FROM-CACHE
> Task :workspace:extractDeepLinksForAarDebug FROM-CACHE
> Task :workspace:mergeDebugGeneratedProguardFiles
> Task :workspace:mergeDebugConsumerProguardFiles
> Task :workspace:prepareDebugArtProfile
> Task :workspace:mergeDebugJavaResource
> Task :workspace:syncDebugLibJars FROM-CACHE
> Task :workspace:prepareLintJarForPublish
> Task :workspace:copyDebugJniLibsProjectOnly
> Task :search:compileDebugKotlin FROM-CACHE
> Task :search:compileDebugJavaWithJavac NO-SOURCE
> Task :search:processDebugJavaRes
> Task :workspace:stripDebugDebugSymbols
> Task :workspace:copyDebugJniLibsProjectAndLocalJars
> Task :web:mergeDebugJavaResource
> Task :workspace:bundleDebugAar
> Task :workspace:assembleDebug
> Task :search:extractDebugAnnotations FROM-CACHE
> Task :search:mergeDebugGeneratedProguardFiles
> Task :search:mergeDebugConsumerProguardFiles
> Task :search:mergeDebugJavaResource
> Task :web:syncDebugLibJars FROM-CACHE
> Task :search:syncDebugLibJars FROM-CACHE
> Task :search:bundleDebugAar
> Task :search:assembleDebug
> Task :web:bundleDebugAar
> Task :web:assembleDebug
> Task :document:bundleDebugAar
> Task :document:assembleDebug
> Task :ai:bundleLibRuntimeToDirDebug
> Task :search:bundleLibRuntimeToDirDebug
> Task :search:bundleLibRuntimeToJarDebug
> Task :search:bundleLibCompileToJarDebug
> Task :app:desugarDebugFileDependencies UP-TO-DATE
> Task :app:generateDebugLocaleConfig FROM-CACHE
> Task :app:packageDebugResources FROM-CACHE
> Task :app:processDebugNavigationResources FROM-CACHE
> Task :app:parseDebugLocalResources FROM-CACHE
> Task :app:generateDebugRFile FROM-CACHE
> Task :app:mergeDebugAssets
> Task :app:compressDebugAssets FROM-CACHE
> Task :app:compileDebugNavigationResources FROM-CACHE
> Task :app:checkDebugAarMetadata
> Task :app:mergeDebugResources FROM-CACHE
> Task :app:createDebugCompatibleScreenManifests UP-TO-DATE
> Task :app:extractDeepLinksDebug UP-TO-DATE
> Task :app:processDebugMainManifest FROM-CACHE
> Task :app:processDebugManifest FROM-CACHE
> Task :app:processDebugManifestForPackage FROM-CACHE
> Task :app:processDebugResources FROM-CACHE
> Task :app:checkDebugDuplicateClasses UP-TO-DATE
> Task :app:mergeExtDexDebug FROM-CACHE
> Task :app:mergeLibDexDebug FROM-CACHE
> Task :app:mergeDebugJniLibFolders
> Task :app:validateSigningDebug
> Task :app:writeDebugAppMetadata
> Task :app:writeDebugSigningConfigVersions
> Task :app:mergeDebugNativeLibs
> Task :app:stripDebugDebugSymbols
> Task :app:kspDebugKotlin
> Task :app:compileDebugKotlin
./gradlew : e: file:///D:/a11/orangechat/app/src/main/java/me/rerere/rikkahub/data/ai/tools/AppSwitchTool.k
t:32:17 Unresolved reference 'putJsonObject'.
所在位置 行:1 字符: 23
+ ... d d:\a11\orangechat; ./gradlew assembleDebug --no-daemon 2>&1 | Tee-O ...
+                          ~~~~~~~~~~~~~~~~~~~~~~~~~~~~~~~~~~~~~~~~
    + CategoryInfo          : NotSpecified: (e: file:///D:/a...putJsonObject'.:String) [], RemoteException
    + FullyQualifiedErrorId : NativeCommandError
 
e: file:///D:/a11/orangechat/app/src/main/java/me/rerere/rikkahub/data/ai/tools/AppSwitchTool.kt:35:21 Unre
solved reference 'putJsonArray'.

e: file:///D:/a11/orangechat/app/src/main/java/me/rerere/rikkahub/data/ai/tools/AppSwitchTool.kt:36:25 Unre
solved reference 'add'.
e: file:///D:/a11/orangechat/app/src/main/java/me/rerere/rikkahub/data/ai/tools/AppSwitchTool.kt:37:25 Unre
solved reference 'add'.
e: file:///D:/a11/orangechat/app/src/main/java/me/rerere/rikkahub/data/ai/tools/AppSwitchTool.kt:38:25 Unre
solved reference 'add'.
e: file:///D:/a11/orangechat/app/src/main/java/me/rerere/rikkahub/data/ai/tools/AppSwitchTool.kt:41:17 Unre
solved reference 'putJsonObject'.
e: file:///D:/a11/orangechat/app/src/main/java/me/rerere/rikkahub/data/ai/tools/AppSwitchTool.kt:45:17 Unre
solved reference 'putJsonObject'.
e: file:///D:/a11/orangechat/app/src/main/java/me/rerere/rikkahub/data/ai/tools/AppSwitchTool.kt:54:27 Unre
solved reference 'jsonObject'.
> Task :app:compileDebugKotlin FAILED

FAILURE: Build failed with an exception.

* What went wrong:
Execution failed for task ':app:compileDebugKotlin'.
> A failure occurred while executing org.jetbrains.kotlin.compilerRunner.btapi.BuildToolsApiCompilationWork
   > Compilation error. See log for more details

* Try:
> Run with --stacktrace option to get the stack trace.
> Run with --info or --debug option to get more log output.
> Run with --scan to get full insights from a Build Scan (powered by Develocity).
> Get more help at https://help.gradle.org.

BUILD FAILED in 2m 12s
298 actionable tasks: 97 executed, 42 from cache, 159 up-to-date
